{'predictivity': ([{'source': 'snr-pretraining-predictivity', 'seeds': [1904], 'scheme': ['A', 'B']}], 'pretraining'), 'predictivity_seeds': ([{'source': 'snr-pretraining-predictivity', 'scheme': ['A', 'B']}], 'pretraining'), 'predictivity_seeds_train': ([{'source': 'snr-pretraining-predictivity', 'seeds': [64, 313], 'sizes': ['175M', '600M'], 'L': [1, 2, 50], 'scheme': ['A'], 'arch': ['deep']}], 'pretraining'), 'predictivity_seeds_test': ([{'source': 'snr-pretraining-predictivity', 'seeds': [1904], 'sizes': ['175M', '600M'], 'L': [1, 2, 50], 'scheme': ['A'], 'arch': ['deep']}], 'pretraining'), 'predictivity_schemes': ([{'source': 'snr-pretraining-predictivity', 'seeds': [1904]}], 'pretraining'), 'predictivity_all': ([{'source': 'snr-pretraining-predictivity'}], 'pretraining')}
MIN_PAIRS 3 ANALYSIS_SIZES ['90M', '175M', '350M', '600M', '1B', '1.7B'] SMALL ['90M', '175M', '350M', '600M', '1B'] TARGET 1.7B [0.1, 0.2, 0.3, 0.4, 0.5, 0.6, 0.7, 0.8, 0.9]
predictivity 18 {'multi-axis': 153, 'mono-axis': 51, 'seed': 0} ['1.7B', '175M', '1B', '350M', '600M', '90M'] [np.int64(1904)]
  mono by axis {'arch': 9, 'L': 36, 'list': 6}
  models w/o -b at 90M/175M: []
  tokens/step by size {'1.7B': array([2064384.]), '175M': array([688128.]), '1B': array([2064384.]), '350M': array([2064384.]), '600M': array([2064384.]), '90M': array([344064.])}
predictivity_schemes 25 {'multi-axis': 300, 'mono-axis': 63, 'seed': 0} ['1.7B', '175M', '1B', '350M', '600M', '90M'] [np.int64(1904)]
  mono by axis {'en': 1, 'arch': 10, 'L': 39, 'T': 4, 'list': 6, 'lang2': 3}
                                  L     arch scheme  seed list    T lang2          en
family                                                                               
lm-L1-deep-seed1904               1     deep      A  1904    A  1.0    ru    dclm-edu
lm-L1-dclmP-deep-seed1904         1     deep  DCLMP  1904    A  1.0    ru  dclm-noedu
lm-L1-shallow-seed1904            1  shallow      A  1904    A  1.0    ru    dclm-edu
lm-L2-deep-seed1904               2     deep      A  1904    A  1.0    ru    dclm-edu
lm-L2-ES-deep-seed1904            2     deep     ES  1904    A  1.0    es    dclm-edu
lm-L2-ZH-deep-seed1904            2     deep     ZH  1904    A  1.0    zh    dclm-edu
lm-L2-shallow-seed1904            2  shallow      A  1904    A  1.0    ru    dclm-edu
lm-L8-deep-seed1904               8     deep      A  1904    A  1.0    ru    dclm-edu
lm-L8-schemeB-deep-seed1904       8     deep      B  1904    B  1.0    ru    dclm-edu
lm-L8-shallow-seed1904            8  shallow      A  1904    A  1.0    ru    dclm-edu
lm-L8-schemeB-shallow-seed1904    8  shallow      B  1904    B  1.0    ru    dclm-edu
lm-L15-deep-seed1904             15     deep      A  1904    A  1.0    ru    dclm-edu
lm-L15-AT3-deep-seed1904         15     deep    AT3  1904    A  3.0    ru    dclm-edu
lm-L15-schemeB-deep-seed1904     15     deep      B  1904    B  1.0    ru    dclm-edu
lm-L15-shallow-seed1904          15  shallow      A  1904    A  1.0    ru    dclm-edu
lm-L15-schemeB-shallow-seed1904  15  shallow      B  1904    B  1.0    ru    dclm-edu
lm-L30-deep-seed1904             30     deep      A  1904    A  1.0    ru    dclm-edu
lm-L30-AT3-deep-seed1904         30     deep    AT3  1904    A  3.0    ru    dclm-edu
lm-L30-schemeB-deep-seed1904     30     deep      B  1904    B  1.0    ru    dclm-edu
lm-L30-shallow-seed1904          30  shallow      A  1904    A  1.0    ru    dclm-edu
lm-L30-schemeB-shallow-seed1904  30  shallow      B  1904    B  1.0    ru    dclm-edu
lm-L50-deep-seed1904             50     deep      A  1904    A  1.0    ru    dclm-edu
lm-L50-AT3-deep-seed1904         50     deep    AT3  1904    A  3.0    ru    dclm-edu
lm-L50-shallow-seed1904          50  shallow      A  1904    A  1.0    ru    dclm-edu
lm-L50-AT3-shallow-seed1904      50  shallow    AT3  1904    A  3.0    ru    dclm-edu
[('lm-L1-dclmP-deep-seed1904', 'lm-L1-deep-seed1904'), ('lm-L1-deep-seed1904', 'lm-L1-shallow-seed1904'), ('lm-L1-deep-seed1904', 'lm-L15-deep-seed1904'), ('lm-L1-deep-seed1904', 'lm-L2-deep-seed1904'), ('lm-L1-deep-seed1904', 'lm-L30-deep-seed1904'), ('lm-L1-deep-seed1904', 'lm-L50-deep-seed1904'), ('lm-L1-deep-seed1904', 'lm-L8-deep-seed1904'), ('lm-L1-shallow-seed1904', 'lm-L15-shallow-seed1904'), ('lm-L1-shallow-seed1904', 'lm-L2-shallow-seed1904'), ('lm-L1-shallow-seed1904', 'lm-L30-shallow-seed1904'), ('lm-L1-shallow-seed1904', 'lm-L50-shallow-seed1904'), ('lm-L1-shallow-seed1904', 'lm-L8-shallow-seed1904')]
  models w/o -b at 90M/175M: []
  tokens/step by size {'1.7B': array([2064384.]), '175M': array([688128.]), '1B': array([2064384.]), '350M': array([2064384.]), '600M': array([2064384.]), '90M': array([344064.])}
predictivity_all 39 {'multi-axis': 300, 'mono-axis': 63, 'seed': 29} ['1.7B', '175M', '1B', '350M', '600M', '90M'] [np.int64(28), np.int64(64), np.int64(313), np.int64(1797), np.int64(1904)]
  mono by axis {'en': 1, 'arch': 10, 'L': 39, 'T': 4, 'list': 6, 'lang2': 3}
  models w/o -b at 90M/175M: []
  tokens/step by size {'1.7B': array([2064384.]), '175M': array([688128.]), '1B': array([2064384.]), '350M': array([2064384.]), '600M': array([2064384.]), '90M': array([344064.])}
predictivity_seeds 32 {'multi-axis': 153, 'mono-axis': 51, 'seed': 29} ['1.7B', '175M', '1B', '350M', '600M', '90M'] [np.int64(28), np.int64(64), np.int64(313), np.int64(1797), np.int64(1904)]
  mono by axis {'arch': 9, 'L': 36, 'list': 6}
  models w/o -b at 90M/175M: []
  tokens/step by size {'1.7B': array([2064384.]), '175M': array([688128.]), '1B': array([2064384.]), '350M': array([2064384.]), '600M': array([2064384.]), '90M': array([344064.])}
predictivity_seeds_train 6 {'multi-axis': 6, 'mono-axis': 6, 'seed': 3} ['175M', '600M'] [np.int64(64), np.int64(313)]
  mono by axis {'L': 6}
  models w/o -b at 90M/175M: []
  tokens/step by size {'175M': array([688128.]), '600M': array([2064384.])}
$PY t1.py  240.62s user 62.12s system 60% cpu 8:24.43 total
