old stems 292 gone 289 still-tracked-somewhere 3
## documents/paper/sections/citations.md 1
   11 rq2_ten_checkpoints -> rq2_da_goal_ten_checkpoints_multi_axes
## documents/paper/sections/verified_results_provenance.json 2
   29 cross_task_ckpt_by_family.csv -> cross_task_da_ckpt_by_family_multi_axes
   30 cross_task_size_by_family.csv -> cross_task_da_size_by_family_multi_axes
## documents/paper/sections/verify_paper_results.py 2
   72 ten_checkpoints.csv -> (deleted)
   75 ten_checkpoints.csv -> (deleted)
## plan/90M-175M-batch-retrain.md 1
   193 scale_convergence -> scale_convergence_da_size_multi_axes
## plan/decision_accuracy.md 7
   65 scale_convergence -> scale_convergence_da_size_multi_axes
   77 scale_convergence -> scale_convergence_da_size_multi_axes
   200 scale_convergence -> scale_convergence_da_size_multi_axes
   207 scale_convergence -> scale_convergence_da_size_multi_axes
   212 scale_convergence -> scale_convergence_da_size_multi_axes
   414 scale_convergence -> scale_convergence_da_size_multi_axes
   464 scale_convergence -> scale_convergence_da_size_multi_axes
## plan/l1_third_family.md 1
   210 scale_convergence -> scale_convergence_da_size_multi_axes
## plan/next_analyses.md 1
   60 transfer_da_by_L -> transfer_da_all_by_L_mono_axis
## plan/todos/status-09-21.md 3
   178 da_per_task.csv -> da_all_per_task_both_axes
   191 scale_convergence -> scale_convergence_da_size_multi_axes
   192 da_reliable_tasks.csv -> da_all_reliable_tasks_both_axes
## plan/todos/status-09-22.md 3
   185 da_per_task.csv -> da_all_per_task_both_axes
   242 scale_convergence -> scale_convergence_da_size_multi_axes
   243 da_reliable_tasks.csv -> da_all_reliable_tasks_both_axes
## src/signal-and-noise/analysis/README.md 1
   12 da_size -> da_size_multi_axes
## src/signal-and-noise/analysis/RULES.md 2
   32 da_size -> da_size_multi_axes
   32 da_size_vs_da_ckpt -> da_size_vs_da_ckpt_multi_axes
## src/signal-and-noise/analysis/check_rules.py 1
   237 da_size -> da_size_multi_axes
## src/signal-and-noise/analysis/rq02_decision_accuracy/README.md 6
   48 da_size -> da_size_multi_axes
   50 da_size_vs_da_ckpt -> da_size_vs_da_ckpt_multi_axes
   180 scale_convergence -> scale_convergence_da_size_multi_axes
   269 scale_convergence_transformation_panels -> (deleted)
   522 scale_convergence -> scale_convergence_da_size_multi_axes
   1372 da_size -> da_size_multi_axes
## src/signal-and-noise/analysis/rq02_decision_accuracy/by_L.py 1
   65 scale_convergence -> scale_convergence_da_size_multi_axes
## src/signal-and-noise/analysis/rq02_decision_accuracy/early_small.py 2
   196 safe_size -> safe_size_da_size_multi_axes
   252 safe_size -> safe_size_da_size_multi_axes
## src/signal-and-noise/analysis/rq02_decision_accuracy/reliable_tasks.py 2
   95 scale_convergence -> scale_convergence_da_size_multi_axes
   288 scale_convergence -> scale_convergence_da_size_multi_axes
## src/signal-and-noise/analysis/rq02_decision_accuracy/scaling_vs_ranking.py 6
   61 da_size -> da_size_multi_axes
   69 da_size -> da_size_multi_axes
   70 da_size -> da_size_multi_axes
   71 da_size -> da_size_multi_axes
   72 da_size -> da_size_multi_axes
   91 da_size -> da_size_multi_axes
## src/signal-and-noise/analysis/rq04_surrogates/analyze_snr_variants.py 1
   464 da_size -> da_size_multi_axes
## src/signal-and-noise/analysis/rq04_surrogates/finetasks_criteria.py 24
   165 da_size -> da_size_multi_axes
   212 da_size -> da_size_multi_axes
   217 da_size -> da_size_multi_axes
   252 da_size -> da_size_multi_axes
   274 da_size -> da_size_multi_axes
   277 da_size -> da_size_multi_axes
   283 da_size -> da_size_multi_axes
   294 da_size -> da_size_multi_axes
   309 da_size -> da_size_multi_axes
   351 da_size -> da_size_multi_axes
   392 da_size -> da_size_multi_axes
   393 da_size -> da_size_multi_axes
   430 da_size -> da_size_multi_axes
   436 da_size -> da_size_multi_axes
   442 da_size -> da_size_multi_axes
   442 da_size -> da_size_multi_axes
   480 da_size -> da_size_multi_axes
   480 da_size -> da_size_multi_axes
   481 da_size -> da_size_multi_axes
   514 da_size -> da_size_multi_axes
   515 da_size -> da_size_multi_axes
   519 da_size -> da_size_multi_axes
   520 da_size -> da_size_multi_axes
   521 da_size -> da_size_multi_axes
## src/signal-and-noise/analysis/rq04_surrogates/panels.py 2
   92 da_size -> da_size_multi_axes
   93 da_size -> da_size_multi_axes
## src/signal-and-noise/analysis/rq04_surrogates/snr_definition_postprocess.py 2
   333 da_size -> da_size_multi_axes
   357 da_size -> da_size_multi_axes
